// Jest Snapshot v1, https://goo.gl/fbAQLP

exports[`<App /> renders 1`] = `
<ThemeProvider
  theme={
    Object {
      "accentcolor": "rgb(116, 128, 250)",
      "accentlight": "rgb(161, 224, 243)",
      "darksecondary": "rgb(76, 81, 99)",
      "primary": "rgb(29, 33, 44)",
      "secondary": "rgb(203, 206, 208)",
    }
  }
>
  <BrowserRouter>
    <HelmetWrapper
      defer={true}
      encodeSpecialCharacters={true}
    >
      <title>
        Bitfrost
      </title>
      <link
        href="/src/assets/favicon.ico"
        rel="icon"
      />
      <link
        crossorigin="anonymous"
        href="https://use.fontawesome.com/releases/v5.6.1/css/all.css"
        integrity="sha384-gfdkjb5BdAXd+lj+gudLWI+BXq4IuLW5IT+brZEZsLFm++aCMlF1V92rMkPaX4PP"
        rel="stylesheet"
      />
      <link
        href="/src/assets/manifest.json"
        rel="manifest"
      />
    </HelmetWrapper>
    <GlobalStyleComponent />
    <Switch>
      <Route
        component={[Function]}
        exact={true}
        key="0"
        path="/about/"
      />
      <Route
        component={[Function]}
        exact={true}
        key="1"
        path="/home/"
      />
      <Route
        component={[Function]}
        exact={true}
        key="2"
        path="/signup"
      />
      <Route
        component={[Function]}
        exact={true}
        key="3"
        path="/profile"
      />
      <Route
        component={[Function]}
        exact={true}
        key="4"
        path="/carAdd"
      />
      <Route
        component={[Function]}
        exact={true}
        key="5"
        path="/dashboard"
      />
      <Route
        component={[Function]}
        exact={true}
        key="6"
        path="/rides"
      />
      <Route
        component={[Function]}
        exact={true}
        key="7"
        path="/ridespast"
      />
      <Route
        component={[Function]}
        exact={true}
        key="8"
        path="/ridesUpcoming"
      />
      <Route
        component={[Function]}
        exact={false}
        key="9"
        path="/ride/:id"
      />
      <Route
        component={[Function]}
        exact={true}
        key="10"
        path="/createride"
      />
      <Redirect
        push={false}
        to="/home/"
      />
    </Switch>
  </BrowserRouter>
</ThemeProvider>
`;
