// Jest Snapshot v1, https://goo.gl/fbAQLP

exports[`<Header /> renders 1`] = `
<styled.header>
  <h1>
    Bitfrost
  </h1>
  <h3>
    It's good enough for Thor
  </h3>
  <styled.nav>
    <LinkButton
      key="About"
      label="About"
      path="/about"
    />
    <LinkButton
      key="Home"
      label="Home"
      path="/home"
    />
  </styled.nav>
</styled.header>
`;
